[
  Item {
    id: ItemId(4)
    kind: ItemKind::If(ItemIf {
        blocks: [
          ConditionalItemBlock {
            cond: Expr {
              id: ExprId(1)
              kind: ExprKind::Ident(Ident {
                  id: IdentId(1)
                  name: "x"
                }
              )
            }
            block: ItemBlock {
              items: [
                Item {
                  id: ItemId(1)
                  kind: ItemKind::Let(Let {
                      binding: Ident {
                        id: IdentId(2)
                        name: "a"
                      }
                      ty: 
                      value: Option::Some(Expr {
                          id: ExprId(2)
                          kind: ExprKind::Ident(Ident {
                              id: IdentId(3)
                              name: "d"
                            }
                          )
                        }
                      )
                    }
                  )
                }
              ]
            }
          }
          ConditionalItemBlock {
            cond: Expr {
              id: ExprId(3)
              kind: ExprKind::Ident(Ident {
                  id: IdentId(4)
                  name: "y"
                }
              )
            }
            block: ItemBlock {
              items: [
                Item {
                  id: ItemId(2)
                  kind: ItemKind::Let(Let {
                      binding: Ident {
                        id: IdentId(5)
                        name: "b"
                      }
                      ty: 
                      value: Option::Some(Expr {
                          id: ExprId(4)
                          kind: ExprKind::Ident(Ident {
                              id: IdentId(6)
                              name: "e"
                            }
                          )
                        }
                      )
                    }
                  )
                }
              ]
            }
          }
        ]
        default: Option::Some(ItemBlock {
            items: [
              Item {
                id: ItemId(3)
                kind: ItemKind::Let(Let {
                    binding: Ident {
                      id: IdentId(7)
                      name: "c"
                    }
                    ty: 
                    value: Option::Some(Expr {
                        id: ExprId(5)
                        kind: ExprKind::Ident(Ident {
                            id: IdentId(8)
                            name: "f"
                          }
                        )
                      }
                    )
                  }
                )
              }
            ]
          }
        )
      }
    )
  }
]
